// Jest Snapshot v1, https://goo.gl/fbAQLP

exports[`The typerighter stack matches the snapshot 1`] = `
Object {
  "Metadata": Object {
    "gu:cdk:constructs": Array [
      "GuParameter",
      "GuArnParameter",
      "GuGetS3ObjectsPolicy",
      "GuVpcParameter",
      "GuSubnetListParameter",
      "GuSubnetListParameter",
      "GuPlayApp",
      "GuCertificate",
      "GuInstanceRole",
      "GuDescribeEC2Policy",
      "GuLoggingStreamNameParameter",
      "GuLogShippingPolicy",
      "GuDistributionBucketParameter",
      "GuGetDistributablePolicy",
      "GuParameterStoreReadPolicy",
      "GuAmiParameter",
      "GuHttpsEgressSecurityGroup",
      "GuWazuhAccess",
      "GuAutoScalingGroup",
      "GuApplicationLoadBalancer",
      "GuApplicationTargetGroup",
      "GuHttpsApplicationListener",
      "GuDnsRecordSet",
      "GuPutCloudwatchMetricsPolicy",
      "GuSubnetListParameter",
      "GuSubnetListParameter",
      "GuPlayApp",
      "GuCertificate",
      "GuInstanceRole",
      "GuGetDistributablePolicy",
      "GuParameterStoreReadPolicy",
      "GuAmiParameter",
      "GuHttpsEgressSecurityGroup",
      "GuAutoScalingGroup",
      "GuApplicationLoadBalancer",
      "GuApplicationTargetGroup",
      "GuHttpsApplicationListener",
      "GuS3Bucket",
      "GuS3Bucket",
      "GuDnsRecordSet",
      "GuSecurityGroup",
      "GuSubnetListParameter",
      "GuDatabaseInstance",
    ],
    "gu:cdk:version": "TEST",
  },
  "Outputs": Object {
    "LoadBalancerTyperightercheckerDnsName": Object {
      "Description": "DNS entry for LoadBalancerTyperighterchecker",
      "Value": Object {
        "Fn::GetAtt": Array [
          "LoadBalancerTyperighterchecker8B160CE2",
          "DNSName",
        ],
      },
    },
    "LoadBalancerTyperighterrulemanagerDnsName": Object {
      "Description": "DNS entry for LoadBalancerTyperighterrulemanager",
      "Value": Object {
        "Fn::GetAtt": Array [
          "LoadBalancerTyperighterrulemanager088CCBBF",
          "DNSName",
        ],
      },
    },
  },
  "Parameters": Object {
    "AMITyperighterchecker": Object {
      "Description": "Amazon Machine Image ID for the app typerighter-checker. Use this in conjunction with AMIgo to keep AMIs up to date.",
      "Type": "AWS::EC2::Image::Id",
    },
    "AMITyperighterrulemanager": Object {
      "Description": "Amazon Machine Image ID for the app typerighter-rule-manager. Use this in conjunction with AMIgo to keep AMIs up to date.",
      "Type": "AWS::EC2::Image::Id",
    },
    "CheckerCloudfrontCertificate": Object {
      "AllowedPattern": "arn:aws:[a-z0-9]*:[a-z0-9\\\\-]*:[0-9]{12}:.*",
      "ConstraintDescription": "Must be a valid ARN, eg: arn:partition:service:region:account-id:resource-id",
      "Description": "The ARN of the certificate for the checker service Cloudfront distribution",
      "Type": "String",
    },
    "DistributionBucketName": Object {
      "Default": "/account/services/artifact.bucket",
      "Description": "SSM parameter containing the S3 bucket name holding distribution artifacts",
      "Type": "AWS::SSM::Parameter::Value<String>",
    },
    "LoggingStreamName": Object {
      "Default": "/account/services/logging.stream.name",
      "Description": "SSM parameter containing the Name (not ARN) on the kinesis stream",
      "Type": "AWS::SSM::Parameter::Value<String>",
    },
    "MasterDBUsername": Object {
      "Default": "rule_manager",
      "Description": "Master DB username",
      "Type": "String",
    },
    "PrivateSubnets": Object {
      "Default": "/account/vpc/primary/subnets/private",
      "Description": "A list of private subnets",
      "Type": "AWS::SSM::Parameter::Value<List<AWS::EC2::Subnet::Id>>",
    },
    "VpcId": Object {
      "Default": "/account/vpc/primary/id",
      "Description": "Virtual Private Cloud to run EC2 instances within. Should NOT be the account default VPC.",
      "Type": "AWS::SSM::Parameter::Value<AWS::EC2::VPC::Id>",
    },
    "typerightercheckerPrivateSubnets": Object {
      "Default": "/account/vpc/primary/subnets/private",
      "Description": "A list of private subnets",
      "Type": "AWS::SSM::Parameter::Value<List<AWS::EC2::Subnet::Id>>",
    },
    "typerightercheckerPublicSubnets": Object {
      "Default": "/account/vpc/primary/subnets/public",
      "Description": "A list of public subnets",
      "Type": "AWS::SSM::Parameter::Value<List<AWS::EC2::Subnet::Id>>",
    },
    "typerighterrulemanagerPrivateSubnets": Object {
      "Default": "/account/vpc/primary/subnets/private",
      "Description": "A list of private subnets",
      "Type": "AWS::SSM::Parameter::Value<List<AWS::EC2::Subnet::Id>>",
    },
    "typerighterrulemanagerPublicSubnets": Object {
      "Default": "/account/vpc/primary/subnets/public",
      "Description": "A list of public subnets",
      "Type": "AWS::SSM::Parameter::Value<List<AWS::EC2::Subnet::Id>>",
    },
  },
  "Resources": Object {
    "AutoScalingGroupTyperightercheckerASG10DD2261": Object {
      "Properties": Object {
        "HealthCheckGracePeriod": 120,
        "HealthCheckType": "ELB",
        "LaunchTemplate": Object {
          "LaunchTemplateId": Object {
            "Ref": "flexibleTESTtyperightercheckerC54CB6AC",
          },
          "Version": Object {
            "Fn::GetAtt": Array [
              "flexibleTESTtyperightercheckerC54CB6AC",
              "LatestVersionNumber",
            ],
          },
        },
        "MaxSize": "2",
        "MinSize": "1",
        "Tags": Array [
          Object {
            "Key": "App",
            "PropagateAtLaunch": true,
            "Value": "typerighter-checker",
          },
          Object {
            "Key": "gu:cdk:version",
            "PropagateAtLaunch": true,
            "Value": "TEST",
          },
          Object {
            "Key": "gu:repo",
            "PropagateAtLaunch": true,
            "Value": "guardian/typerighter",
          },
          Object {
            "Key": "LogKinesisStreamName",
            "PropagateAtLaunch": true,
            "Value": Object {
              "Ref": "LoggingStreamName",
            },
          },
          Object {
            "Key": "Stack",
            "PropagateAtLaunch": true,
            "Value": "flexible",
          },
          Object {
            "Key": "Stage",
            "PropagateAtLaunch": true,
            "Value": "TEST",
          },
        ],
        "TargetGroupARNs": Array [
          Object {
            "Ref": "TargetGroupTyperighterchecker7E7859CF",
          },
        ],
        "VPCZoneIdentifier": Object {
          "Ref": "typerightercheckerPrivateSubnets",
        },
      },
      "Type": "AWS::AutoScaling::AutoScalingGroup",
    },
    "AutoScalingGroupTyperighterrulemanagerASG7B90BF61": Object {
      "Properties": Object {
        "HealthCheckGracePeriod": 120,
        "HealthCheckType": "ELB",
        "LaunchTemplate": Object {
          "LaunchTemplateId": Object {
            "Ref": "flexibleTESTtyperighterrulemanager4AFD32A8",
          },
          "Version": Object {
            "Fn::GetAtt": Array [
              "flexibleTESTtyperighterrulemanager4AFD32A8",
              "LatestVersionNumber",
            ],
          },
        },
        "MaxSize": "2",
        "MinSize": "1",
        "Tags": Array [
          Object {
            "Key": "App",
            "PropagateAtLaunch": true,
            "Value": "typerighter-rule-manager",
          },
          Object {
            "Key": "gu:cdk:version",
            "PropagateAtLaunch": true,
            "Value": "TEST",
          },
          Object {
            "Key": "gu:repo",
            "PropagateAtLaunch": true,
            "Value": "guardian/typerighter",
          },
          Object {
            "Key": "LogKinesisStreamName",
            "PropagateAtLaunch": true,
            "Value": Object {
              "Ref": "LoggingStreamName",
            },
          },
          Object {
            "Key": "Stack",
            "PropagateAtLaunch": true,
            "Value": "flexible",
          },
          Object {
            "Key": "Stage",
            "PropagateAtLaunch": true,
            "Value": "TEST",
          },
        ],
        "TargetGroupARNs": Array [
          Object {
            "Ref": "TargetGroupTyperighterrulemanager5D2DA3B8",
          },
        ],
        "VPCZoneIdentifier": Object {
          "Ref": "typerighterrulemanagerPrivateSubnets",
        },
      },
      "Type": "AWS::AutoScaling::AutoScalingGroup",
    },
    "CertificateTyperighterchecker335D464A": Object {
      "DeletionPolicy": "Retain",
      "Properties": Object {
        "DomainName": "checker.test.dev-gutools.co.uk",
        "Tags": Array [
          Object {
            "Key": "App",
            "Value": "typerighter-checker",
          },
          Object {
            "Key": "gu:cdk:version",
            "Value": "TEST",
          },
          Object {
            "Key": "gu:repo",
            "Value": "guardian/typerighter",
          },
          Object {
            "Key": "Name",
            "Value": "typerighter/CertificateTyperighterchecker",
          },
          Object {
            "Key": "Stack",
            "Value": "flexible",
          },
          Object {
            "Key": "Stage",
            "Value": "TEST",
          },
        ],
        "ValidationMethod": "DNS",
      },
      "Type": "AWS::CertificateManager::Certificate",
      "UpdateReplacePolicy": "Retain",
    },
    "CertificateTyperighterrulemanager994D3BCE": Object {
      "DeletionPolicy": "Retain",
      "Properties": Object {
        "DomainName": "manager.test.dev-gutools.co.uk",
        "Tags": Array [
          Object {
            "Key": "App",
            "Value": "typerighter-rule-manager",
          },
          Object {
            "Key": "gu:cdk:version",
            "Value": "TEST",
          },
          Object {
            "Key": "gu:repo",
            "Value": "guardian/typerighter",
          },
          Object {
            "Key": "Name",
            "Value": "typerighter/CertificateTyperighterrulemanager",
          },
          Object {
            "Key": "Stack",
            "Value": "flexible",
          },
          Object {
            "Key": "Stage",
            "Value": "TEST",
          },
        ],
        "ValidationMethod": "DNS",
      },
      "Type": "AWS::CertificateManager::Certificate",
      "UpdateReplacePolicy": "Retain",
    },
    "DBSecurityGroupTyperighterrulemanagerE0229216": Object {
      "Properties": Object {
        "GroupDescription": "Allow traffic from EC2 instances to DB",
        "SecurityGroupEgress": Array [
          Object {
            "CidrIp": "255.255.255.255/32",
            "Description": "Disallow all traffic",
            "FromPort": 252,
            "IpProtocol": "icmp",
            "ToPort": 86,
          },
        ],
        "Tags": Array [
          Object {
            "Key": "App",
            "Value": "typerighter-rule-manager",
          },
          Object {
            "Key": "gu:cdk:version",
            "Value": "TEST",
          },
          Object {
            "Key": "gu:repo",
            "Value": "guardian/typerighter",
          },
          Object {
            "Key": "Stack",
            "Value": "flexible",
          },
          Object {
            "Key": "Stage",
            "Value": "TEST",
          },
        ],
        "VpcId": Object {
          "Ref": "VpcId",
        },
      },
      "Type": "AWS::EC2::SecurityGroup",
    },
    "DBSecurityGroupTyperighterrulemanagerfromtyperighterGuHttpsEgressSecurityGroupTyperighterrulemanagerCA981E9E5432D4DEAF98": Object {
      "Properties": Object {
        "Description": "Allow connection from EC2 instances to DB",
        "FromPort": 5432,
        "GroupId": Object {
          "Fn::GetAtt": Array [
            "DBSecurityGroupTyperighterrulemanagerE0229216",
            "GroupId",
          ],
        },
        "IpProtocol": "tcp",
        "SourceSecurityGroupId": Object {
          "Fn::GetAtt": Array [
            "GuHttpsEgressSecurityGroupTyperighterrulemanagerD8331A62",
            "GroupId",
          ],
        },
        "ToPort": 5432,
      },
      "Type": "AWS::EC2::SecurityGroupIngress",
    },
    "DBSecurityGroupTyperighterrulemanagerfromtyperighterWazuhSecurityGroupF941BA2354320D59DB78": Object {
      "Properties": Object {
        "Description": "Allow connection from EC2 instances to DB",
        "FromPort": 5432,
        "GroupId": Object {
          "Fn::GetAtt": Array [
            "DBSecurityGroupTyperighterrulemanagerE0229216",
            "GroupId",
          ],
        },
        "IpProtocol": "tcp",
        "SourceSecurityGroupId": Object {
          "Fn::GetAtt": Array [
            "WazuhSecurityGroup",
            "GroupId",
          ],
        },
        "ToPort": 5432,
      },
      "Type": "AWS::EC2::SecurityGroupIngress",
    },
    "DBSubnetGroup": Object {
      "Properties": Object {
        "DBSubnetGroupDescription": "Subnet for typerighter rule-manager database",
        "SubnetIds": Object {
          "Ref": "PrivateSubnets",
        },
        "Tags": Array [
          Object {
            "Key": "gu:cdk:version",
            "Value": "TEST",
          },
          Object {
            "Key": "gu:repo",
            "Value": "guardian/typerighter",
          },
          Object {
            "Key": "Stack",
            "Value": "flexible",
          },
          Object {
            "Key": "Stage",
            "Value": "TEST",
          },
        ],
      },
      "Type": "AWS::RDS::DBSubnetGroup",
    },
    "DescribeEC2PolicyFF5F9295": Object {
      "Properties": Object {
        "PolicyDocument": Object {
          "Statement": Array [
            Object {
              "Action": Array [
                "autoscaling:DescribeAutoScalingInstances",
                "autoscaling:DescribeAutoScalingGroups",
                "ec2:DescribeTags",
                "ec2:DescribeInstances",
              ],
              "Effect": "Allow",
              "Resource": "*",
            },
          ],
          "Version": "2012-10-17",
        },
        "PolicyName": "describe-ec2-policy",
        "Roles": Array [
          Object {
            "Ref": "InstanceRoleTyperighterrulemanagerC4CF9347",
          },
          Object {
            "Ref": "InstanceRoleTyperightercheckerEA6224AC",
          },
        ],
      },
      "Type": "AWS::IAM::Policy",
    },
    "GetDistributablePolicyTyperighterchecker445A87C9": Object {
      "Properties": Object {
        "PolicyDocument": Object {
          "Statement": Array [
            Object {
              "Action": "s3:GetObject",
              "Effect": "Allow",
              "Resource": Object {
                "Fn::Join": Array [
                  "",
                  Array [
                    "arn:aws:s3:::",
                    Object {
                      "Ref": "DistributionBucketName",
                    },
                    "/flexible/TEST/typerighter-checker/*",
                  ],
                ],
              },
            },
          ],
          "Version": "2012-10-17",
        },
        "PolicyName": "GetDistributablePolicyTyperighterchecker445A87C9",
        "Roles": Array [
          Object {
            "Ref": "InstanceRoleTyperightercheckerEA6224AC",
          },
        ],
      },
      "Type": "AWS::IAM::Policy",
    },
    "GetDistributablePolicyTyperighterrulemanagerBAFF784F": Object {
      "Properties": Object {
        "PolicyDocument": Object {
          "Statement": Array [
            Object {
              "Action": "s3:GetObject",
              "Effect": "Allow",
              "Resource": Object {
                "Fn::Join": Array [
                  "",
                  Array [
                    "arn:aws:s3:::",
                    Object {
                      "Ref": "DistributionBucketName",
                    },
                    "/flexible/TEST/typerighter-rule-manager/*",
                  ],
                ],
              },
            },
          ],
          "Version": "2012-10-17",
        },
        "PolicyName": "GetDistributablePolicyTyperighterrulemanagerBAFF784F",
        "Roles": Array [
          Object {
            "Ref": "InstanceRoleTyperighterrulemanagerC4CF9347",
          },
        ],
      },
      "Type": "AWS::IAM::Policy",
    },
    "GuHttpsEgressSecurityGroupTyperighterchecker43707E0C": Object {
      "Properties": Object {
        "GroupDescription": "Allow all outbound HTTPS traffic",
        "SecurityGroupEgress": Array [
          Object {
            "CidrIp": "0.0.0.0/0",
            "Description": "Allow all outbound HTTPS traffic",
            "FromPort": 443,
            "IpProtocol": "tcp",
            "ToPort": 443,
          },
        ],
        "Tags": Array [
          Object {
            "Key": "App",
            "Value": "typerighter-checker",
          },
          Object {
            "Key": "gu:cdk:version",
            "Value": "TEST",
          },
          Object {
            "Key": "gu:repo",
            "Value": "guardian/typerighter",
          },
          Object {
            "Key": "Stack",
            "Value": "flexible",
          },
          Object {
            "Key": "Stage",
            "Value": "TEST",
          },
        ],
        "VpcId": Object {
          "Ref": "VpcId",
        },
      },
      "Type": "AWS::EC2::SecurityGroup",
    },
    "GuHttpsEgressSecurityGroupTyperightercheckerfromtyperighterLoadBalancerTyperightercheckerSecurityGroup6083F06D9000ABA04AA0": Object {
      "Properties": Object {
        "Description": "Load balancer to target",
        "FromPort": 9000,
        "GroupId": Object {
          "Fn::GetAtt": Array [
            "GuHttpsEgressSecurityGroupTyperighterchecker43707E0C",
            "GroupId",
          ],
        },
        "IpProtocol": "tcp",
        "SourceSecurityGroupId": Object {
          "Fn::GetAtt": Array [
            "LoadBalancerTyperightercheckerSecurityGroup35C23EF5",
            "GroupId",
          ],
        },
        "ToPort": 9000,
      },
      "Type": "AWS::EC2::SecurityGroupIngress",
    },
    "GuHttpsEgressSecurityGroupTyperighterrulemanagerD8331A62": Object {
      "Properties": Object {
        "GroupDescription": "Allow all outbound HTTPS traffic",
        "SecurityGroupEgress": Array [
          Object {
            "CidrIp": "0.0.0.0/0",
            "Description": "Allow all outbound HTTPS traffic",
            "FromPort": 443,
            "IpProtocol": "tcp",
            "ToPort": 443,
          },
        ],
        "Tags": Array [
          Object {
            "Key": "App",
            "Value": "typerighter-rule-manager",
          },
          Object {
            "Key": "gu:cdk:version",
            "Value": "TEST",
          },
          Object {
            "Key": "gu:repo",
            "Value": "guardian/typerighter",
          },
          Object {
            "Key": "Stack",
            "Value": "flexible",
          },
          Object {
            "Key": "Stage",
            "Value": "TEST",
          },
        ],
        "VpcId": Object {
          "Ref": "VpcId",
        },
      },
      "Type": "AWS::EC2::SecurityGroup",
    },
    "GuHttpsEgressSecurityGroupTyperighterrulemanagerfromtyperighterLoadBalancerTyperighterrulemanagerSecurityGroupCB1A584E90002DD508E0": Object {
      "Properties": Object {
        "Description": "Load balancer to target",
        "FromPort": 9000,
        "GroupId": Object {
          "Fn::GetAtt": Array [
            "GuHttpsEgressSecurityGroupTyperighterrulemanagerD8331A62",
            "GroupId",
          ],
        },
        "IpProtocol": "tcp",
        "SourceSecurityGroupId": Object {
          "Fn::GetAtt": Array [
            "LoadBalancerTyperighterrulemanagerSecurityGroupA732DDB7",
            "GroupId",
          ],
        },
        "ToPort": 9000,
      },
      "Type": "AWS::EC2::SecurityGroupIngress",
    },
    "GuHttpsEgressSecurityGroupTyperighterrulemanagertotyperighterDBSecurityGroupTyperighterrulemanager6085BB9A54322207D96A": Object {
      "Properties": Object {
        "Description": "Allow connection from EC2 instances to DB",
        "DestinationSecurityGroupId": Object {
          "Fn::GetAtt": Array [
            "DBSecurityGroupTyperighterrulemanagerE0229216",
            "GroupId",
          ],
        },
        "FromPort": 5432,
        "GroupId": Object {
          "Fn::GetAtt": Array [
            "GuHttpsEgressSecurityGroupTyperighterrulemanagerD8331A62",
            "GroupId",
          ],
        },
        "IpProtocol": "tcp",
        "ToPort": 5432,
      },
      "Type": "AWS::EC2::SecurityGroupEgress",
    },
    "GuLogShippingPolicy981BFE5A": Object {
      "Properties": Object {
        "PolicyDocument": Object {
          "Statement": Array [
            Object {
              "Action": Array [
                "kinesis:Describe*",
                "kinesis:Put*",
              ],
              "Effect": "Allow",
              "Resource": Object {
                "Fn::Join": Array [
                  "",
                  Array [
                    "arn:aws:kinesis:",
                    Object {
                      "Ref": "AWS::Region",
                    },
                    ":",
                    Object {
                      "Ref": "AWS::AccountId",
                    },
                    ":stream/",
                    Object {
                      "Ref": "LoggingStreamName",
                    },
                  ],
                ],
              },
            },
          ],
          "Version": "2012-10-17",
        },
        "PolicyName": "GuLogShippingPolicy981BFE5A",
        "Roles": Array [
          Object {
            "Ref": "InstanceRoleTyperighterrulemanagerC4CF9347",
          },
          Object {
            "Ref": "InstanceRoleTyperightercheckerEA6224AC",
          },
        ],
      },
      "Type": "AWS::IAM::Policy",
    },
    "GuPutCloudwatchMetricsPolicyC5BCE402": Object {
      "Properties": Object {
        "PolicyDocument": Object {
          "Statement": Array [
            Object {
              "Action": "cloudwatch:PutMetricData",
              "Effect": "Allow",
              "Resource": "*",
            },
          ],
          "Version": "2012-10-17",
        },
        "PolicyName": "GuPutCloudwatchMetricsPolicyC5BCE402",
        "Roles": Array [
          Object {
            "Ref": "InstanceRoleTyperightercheckerEA6224AC",
          },
        ],
      },
      "Type": "AWS::IAM::Policy",
    },
    "InstanceRoleTyperightercheckerDefaultPolicyAC356146": Object {
      "Properties": Object {
        "PolicyDocument": Object {
          "Statement": Array [
            Object {
              "Action": Array [
                "s3:GetObject*",
                "s3:GetBucket*",
                "s3:List*",
                "s3:DeleteObject*",
                "s3:PutObject",
                "s3:PutObjectLegalHold",
                "s3:PutObjectRetention",
                "s3:PutObjectTagging",
                "s3:PutObjectVersionTagging",
                "s3:Abort*",
              ],
              "Effect": "Allow",
              "Resource": Array [
                Object {
                  "Fn::GetAtt": Array [
                    "typerighterbucketTyperighterrulemanager54EC2AB2",
                    "Arn",
                  ],
                },
                Object {
                  "Fn::Join": Array [
                    "",
                    Array [
                      Object {
                        "Fn::GetAtt": Array [
                          "typerighterbucketTyperighterrulemanager54EC2AB2",
                          "Arn",
                        ],
                      },
                      "/*",
                    ],
                  ],
                },
              ],
            },
          ],
          "Version": "2012-10-17",
        },
        "PolicyName": "InstanceRoleTyperightercheckerDefaultPolicyAC356146",
        "Roles": Array [
          Object {
            "Ref": "InstanceRoleTyperightercheckerEA6224AC",
          },
        ],
      },
      "Type": "AWS::IAM::Policy",
    },
    "InstanceRoleTyperightercheckerEA6224AC": Object {
      "Properties": Object {
        "AssumeRolePolicyDocument": Object {
          "Statement": Array [
            Object {
              "Action": "sts:AssumeRole",
              "Effect": "Allow",
              "Principal": Object {
                "Service": "ec2.amazonaws.com",
              },
            },
          ],
          "Version": "2012-10-17",
        },
        "ManagedPolicyArns": Array [
          Object {
            "Fn::Join": Array [
              "",
              Array [
                "arn:",
                Object {
                  "Ref": "AWS::Partition",
                },
                ":iam::aws:policy/AmazonSSMManagedInstanceCore",
              ],
            ],
          },
        ],
        "Path": "/",
        "Tags": Array [
          Object {
            "Key": "App",
            "Value": "typerighter-checker",
          },
          Object {
            "Key": "gu:cdk:version",
            "Value": "TEST",
          },
          Object {
            "Key": "gu:repo",
            "Value": "guardian/typerighter",
          },
          Object {
            "Key": "Stack",
            "Value": "flexible",
          },
          Object {
            "Key": "Stage",
            "Value": "TEST",
          },
        ],
      },
      "Type": "AWS::IAM::Role",
    },
    "InstanceRoleTyperighterrulemanagerC4CF9347": Object {
      "Properties": Object {
        "AssumeRolePolicyDocument": Object {
          "Statement": Array [
            Object {
              "Action": "sts:AssumeRole",
              "Effect": "Allow",
              "Principal": Object {
                "Service": "ec2.amazonaws.com",
              },
            },
          ],
          "Version": "2012-10-17",
        },
        "ManagedPolicyArns": Array [
          Object {
            "Fn::Join": Array [
              "",
              Array [
                "arn:",
                Object {
                  "Ref": "AWS::Partition",
                },
                ":iam::aws:policy/AmazonSSMManagedInstanceCore",
              ],
            ],
          },
        ],
        "Path": "/",
        "Tags": Array [
          Object {
            "Key": "App",
            "Value": "typerighter-rule-manager",
          },
          Object {
            "Key": "gu:cdk:version",
            "Value": "TEST",
          },
          Object {
            "Key": "gu:repo",
            "Value": "guardian/typerighter",
          },
          Object {
            "Key": "Stack",
            "Value": "flexible",
          },
          Object {
            "Key": "Stage",
            "Value": "TEST",
          },
        ],
      },
      "Type": "AWS::IAM::Role",
    },
    "InstanceRoleTyperighterrulemanagerDefaultPolicy29F250C4": Object {
      "Properties": Object {
        "PolicyDocument": Object {
          "Statement": Array [
            Object {
              "Action": Array [
                "s3:GetObject*",
                "s3:GetBucket*",
                "s3:List*",
                "s3:DeleteObject*",
                "s3:PutObject",
                "s3:PutObjectLegalHold",
                "s3:PutObjectRetention",
                "s3:PutObjectTagging",
                "s3:PutObjectVersionTagging",
                "s3:Abort*",
              ],
              "Effect": "Allow",
              "Resource": Array [
                Object {
                  "Fn::GetAtt": Array [
                    "typerighterbucketTyperighterrulemanager54EC2AB2",
                    "Arn",
                  ],
                },
                Object {
                  "Fn::Join": Array [
                    "",
                    Array [
                      Object {
                        "Fn::GetAtt": Array [
                          "typerighterbucketTyperighterrulemanager54EC2AB2",
                          "Arn",
                        ],
                      },
                      "/*",
                    ],
                  ],
                },
              ],
            },
          ],
          "Version": "2012-10-17",
        },
        "PolicyName": "InstanceRoleTyperighterrulemanagerDefaultPolicy29F250C4",
        "Roles": Array [
          Object {
            "Ref": "InstanceRoleTyperighterrulemanagerC4CF9347",
          },
        ],
      },
      "Type": "AWS::IAM::Policy",
    },
    "ListenerTyperighterchecker1700E874": Object {
      "Properties": Object {
        "Certificates": Array [
          Object {
            "CertificateArn": Object {
              "Ref": "CertificateTyperighterchecker335D464A",
            },
          },
        ],
        "DefaultActions": Array [
          Object {
            "TargetGroupArn": Object {
              "Ref": "TargetGroupTyperighterchecker7E7859CF",
            },
            "Type": "forward",
          },
        ],
        "LoadBalancerArn": Object {
          "Ref": "LoadBalancerTyperighterchecker8B160CE2",
        },
        "Port": 443,
        "Protocol": "HTTPS",
      },
      "Type": "AWS::ElasticLoadBalancingV2::Listener",
    },
    "ListenerTyperighterrulemanagerC0F0EE62": Object {
      "Properties": Object {
        "Certificates": Array [
          Object {
            "CertificateArn": Object {
              "Ref": "CertificateTyperighterrulemanager994D3BCE",
            },
          },
        ],
        "DefaultActions": Array [
          Object {
            "TargetGroupArn": Object {
              "Ref": "TargetGroupTyperighterrulemanager5D2DA3B8",
            },
            "Type": "forward",
          },
        ],
        "LoadBalancerArn": Object {
          "Ref": "LoadBalancerTyperighterrulemanager088CCBBF",
        },
        "Port": 443,
        "Protocol": "HTTPS",
      },
      "Type": "AWS::ElasticLoadBalancingV2::Listener",
    },
    "LoadBalancerTyperighterchecker8B160CE2": Object {
      "Properties": Object {
        "LoadBalancerAttributes": Array [
          Object {
            "Key": "deletion_protection.enabled",
            "Value": "true",
          },
        ],
        "Scheme": "internet-facing",
        "SecurityGroups": Array [
          Object {
            "Fn::GetAtt": Array [
              "LoadBalancerTyperightercheckerSecurityGroup35C23EF5",
              "GroupId",
            ],
          },
        ],
        "Subnets": Object {
          "Ref": "typerightercheckerPublicSubnets",
        },
        "Tags": Array [
          Object {
            "Key": "App",
            "Value": "typerighter-checker",
          },
          Object {
            "Key": "gu:cdk:version",
            "Value": "TEST",
          },
          Object {
            "Key": "gu:repo",
            "Value": "guardian/typerighter",
          },
          Object {
            "Key": "Stack",
            "Value": "flexible",
          },
          Object {
            "Key": "Stage",
            "Value": "TEST",
          },
        ],
        "Type": "application",
      },
      "Type": "AWS::ElasticLoadBalancingV2::LoadBalancer",
    },
    "LoadBalancerTyperightercheckerSecurityGroup35C23EF5": Object {
      "Properties": Object {
        "GroupDescription": "Automatically created Security Group for ELB typerighterLoadBalancerTyperighterchecker410072D0",
        "SecurityGroupIngress": Array [
          Object {
            "CidrIp": "0.0.0.0/0",
            "Description": "Allow from anyone on port 443",
            "FromPort": 443,
            "IpProtocol": "tcp",
            "ToPort": 443,
          },
        ],
        "Tags": Array [
          Object {
            "Key": "App",
            "Value": "typerighter-checker",
          },
          Object {
            "Key": "gu:cdk:version",
            "Value": "TEST",
          },
          Object {
            "Key": "gu:repo",
            "Value": "guardian/typerighter",
          },
          Object {
            "Key": "Stack",
            "Value": "flexible",
          },
          Object {
            "Key": "Stage",
            "Value": "TEST",
          },
        ],
        "VpcId": Object {
          "Ref": "VpcId",
        },
      },
      "Type": "AWS::EC2::SecurityGroup",
    },
    "LoadBalancerTyperightercheckerSecurityGrouptotyperighterGuHttpsEgressSecurityGroupTyperightercheckerE1FE725890008BE3EB99": Object {
      "Properties": Object {
        "Description": "Load balancer to target",
        "DestinationSecurityGroupId": Object {
          "Fn::GetAtt": Array [
            "GuHttpsEgressSecurityGroupTyperighterchecker43707E0C",
            "GroupId",
          ],
        },
        "FromPort": 9000,
        "GroupId": Object {
          "Fn::GetAtt": Array [
            "LoadBalancerTyperightercheckerSecurityGroup35C23EF5",
            "GroupId",
          ],
        },
        "IpProtocol": "tcp",
        "ToPort": 9000,
      },
      "Type": "AWS::EC2::SecurityGroupEgress",
    },
    "LoadBalancerTyperightercheckerSecurityGrouptotyperighterWazuhSecurityGroupF941BA2390008F674D0B": Object {
      "Properties": Object {
        "Description": "Load balancer to target",
        "DestinationSecurityGroupId": Object {
          "Fn::GetAtt": Array [
            "WazuhSecurityGroup",
            "GroupId",
          ],
        },
        "FromPort": 9000,
        "GroupId": Object {
          "Fn::GetAtt": Array [
            "LoadBalancerTyperightercheckerSecurityGroup35C23EF5",
            "GroupId",
          ],
        },
        "IpProtocol": "tcp",
        "ToPort": 9000,
      },
      "Type": "AWS::EC2::SecurityGroupEgress",
    },
    "LoadBalancerTyperighterrulemanager088CCBBF": Object {
      "Properties": Object {
        "LoadBalancerAttributes": Array [
          Object {
            "Key": "deletion_protection.enabled",
            "Value": "true",
          },
        ],
        "Scheme": "internet-facing",
        "SecurityGroups": Array [
          Object {
            "Fn::GetAtt": Array [
              "LoadBalancerTyperighterrulemanagerSecurityGroupA732DDB7",
              "GroupId",
            ],
          },
        ],
        "Subnets": Object {
          "Ref": "typerighterrulemanagerPublicSubnets",
        },
        "Tags": Array [
          Object {
            "Key": "App",
            "Value": "typerighter-rule-manager",
          },
          Object {
            "Key": "gu:cdk:version",
            "Value": "TEST",
          },
          Object {
            "Key": "gu:repo",
            "Value": "guardian/typerighter",
          },
          Object {
            "Key": "Stack",
            "Value": "flexible",
          },
          Object {
            "Key": "Stage",
            "Value": "TEST",
          },
        ],
        "Type": "application",
      },
      "Type": "AWS::ElasticLoadBalancingV2::LoadBalancer",
    },
    "LoadBalancerTyperighterrulemanagerSecurityGroupA732DDB7": Object {
      "Properties": Object {
        "GroupDescription": "Automatically created Security Group for ELB typerighterLoadBalancerTyperighterrulemanager83A799C9",
        "SecurityGroupIngress": Array [
          Object {
            "CidrIp": "0.0.0.0/0",
            "Description": "Allow from anyone on port 443",
            "FromPort": 443,
            "IpProtocol": "tcp",
            "ToPort": 443,
          },
        ],
        "Tags": Array [
          Object {
            "Key": "App",
            "Value": "typerighter-rule-manager",
          },
          Object {
            "Key": "gu:cdk:version",
            "Value": "TEST",
          },
          Object {
            "Key": "gu:repo",
            "Value": "guardian/typerighter",
          },
          Object {
            "Key": "Stack",
            "Value": "flexible",
          },
          Object {
            "Key": "Stage",
            "Value": "TEST",
          },
        ],
        "VpcId": Object {
          "Ref": "VpcId",
        },
      },
      "Type": "AWS::EC2::SecurityGroup",
    },
    "LoadBalancerTyperighterrulemanagerSecurityGrouptotyperighterGuHttpsEgressSecurityGroupTyperighterrulemanagerCA981E9E900057E9DB49": Object {
      "Properties": Object {
        "Description": "Load balancer to target",
        "DestinationSecurityGroupId": Object {
          "Fn::GetAtt": Array [
            "GuHttpsEgressSecurityGroupTyperighterrulemanagerD8331A62",
            "GroupId",
          ],
        },
        "FromPort": 9000,
        "GroupId": Object {
          "Fn::GetAtt": Array [
            "LoadBalancerTyperighterrulemanagerSecurityGroupA732DDB7",
            "GroupId",
          ],
        },
        "IpProtocol": "tcp",
        "ToPort": 9000,
      },
      "Type": "AWS::EC2::SecurityGroupEgress",
    },
    "LoadBalancerTyperighterrulemanagerSecurityGrouptotyperighterWazuhSecurityGroupF941BA23900016F56539": Object {
      "Properties": Object {
        "Description": "Load balancer to target",
        "DestinationSecurityGroupId": Object {
          "Fn::GetAtt": Array [
            "WazuhSecurityGroup",
            "GroupId",
          ],
        },
        "FromPort": 9000,
        "GroupId": Object {
          "Fn::GetAtt": Array [
            "LoadBalancerTyperighterrulemanagerSecurityGroupA732DDB7",
            "GroupId",
          ],
        },
        "IpProtocol": "tcp",
        "ToPort": 9000,
      },
      "Type": "AWS::EC2::SecurityGroupEgress",
    },
    "PandaAuthPolicy4E029301": Object {
      "Properties": Object {
        "PolicyDocument": Object {
          "Statement": Array [
            Object {
              "Action": "s3:GetObject",
              "Effect": "Allow",
              "Resource": "arn:aws:s3:::pan-domain-auth-settings/*",
            },
          ],
          "Version": "2012-10-17",
        },
        "PolicyName": "PandaAuthPolicy4E029301",
        "Roles": Array [
          Object {
            "Ref": "InstanceRoleTyperighterrulemanagerC4CF9347",
          },
          Object {
            "Ref": "InstanceRoleTyperightercheckerEA6224AC",
          },
        ],
      },
      "Type": "AWS::IAM::Policy",
    },
    "ParameterStoreReadTyperighterchecker6F76A0F7": Object {
      "Properties": Object {
        "PolicyDocument": Object {
          "Statement": Array [
            Object {
              "Action": "ssm:GetParametersByPath",
              "Effect": "Allow",
              "Resource": Object {
                "Fn::Join": Array [
                  "",
                  Array [
                    "arn:aws:ssm:",
                    Object {
                      "Ref": "AWS::Region",
                    },
                    ":",
                    Object {
                      "Ref": "AWS::AccountId",
                    },
                    ":parameter/TEST/flexible/typerighter-checker",
                  ],
                ],
              },
            },
            Object {
              "Action": Array [
                "ssm:GetParameters",
                "ssm:GetParameter",
              ],
              "Effect": "Allow",
              "Resource": Object {
                "Fn::Join": Array [
                  "",
                  Array [
                    "arn:aws:ssm:",
                    Object {
                      "Ref": "AWS::Region",
                    },
                    ":",
                    Object {
                      "Ref": "AWS::AccountId",
                    },
                    ":parameter/TEST/flexible/typerighter-checker/*",
                  ],
                ],
              },
            },
          ],
          "Version": "2012-10-17",
        },
        "PolicyName": "parameter-store-read-policy",
        "Roles": Array [
          Object {
            "Ref": "InstanceRoleTyperightercheckerEA6224AC",
          },
        ],
      },
      "Type": "AWS::IAM::Policy",
    },
    "ParameterStoreReadTyperighterrulemanager4551E15C": Object {
      "Properties": Object {
        "PolicyDocument": Object {
          "Statement": Array [
            Object {
              "Action": "ssm:GetParametersByPath",
              "Effect": "Allow",
              "Resource": Object {
                "Fn::Join": Array [
                  "",
                  Array [
                    "arn:aws:ssm:",
                    Object {
                      "Ref": "AWS::Region",
                    },
                    ":",
                    Object {
                      "Ref": "AWS::AccountId",
                    },
                    ":parameter/TEST/flexible/typerighter-rule-manager",
                  ],
                ],
              },
            },
            Object {
              "Action": Array [
                "ssm:GetParameters",
                "ssm:GetParameter",
              ],
              "Effect": "Allow",
              "Resource": Object {
                "Fn::Join": Array [
                  "",
                  Array [
                    "arn:aws:ssm:",
                    Object {
                      "Ref": "AWS::Region",
                    },
                    ":",
                    Object {
                      "Ref": "AWS::AccountId",
                    },
                    ":parameter/TEST/flexible/typerighter-rule-manager/*",
                  ],
                ],
              },
            },
          ],
          "Version": "2012-10-17",
        },
        "PolicyName": "parameter-store-read-policy",
        "Roles": Array [
          Object {
            "Ref": "InstanceRoleTyperighterrulemanagerC4CF9347",
          },
        ],
      },
      "Type": "AWS::IAM::Policy",
    },
    "RuleManagerRDSRulemanagerdb67FB0AF4": Object {
      "DeletionPolicy": "Snapshot",
      "Properties": Object {
        "AllocatedStorage": "50",
        "AllowMajorVersionUpgrade": false,
        "AutoMinorVersionUpgrade": true,
        "BackupRetentionPeriod": 10,
        "CopyTagsToSnapshot": true,
        "DBInstanceClass": "db.t4g.micro",
        "DBInstanceIdentifier": "typerighter-rule-manager-store-test",
        "DBSubnetGroupName": Object {
          "Ref": "DBSubnetGroup",
        },
        "DeletionProtection": true,
        "Engine": "postgres",
        "EngineVersion": "13",
        "MasterUserPassword": "{{resolve:ssm-secure:/TEST/flexible/typerighter-rule-manager/db.default.password:1}}",
        "MasterUsername": Object {
          "Ref": "MasterDBUsername",
        },
        "MultiAZ": false,
        "Port": "5432",
        "PreferredBackupWindow": "02:00-02:30",
        "PreferredMaintenanceWindow": "Mon:06:30-Mon:07:00",
        "PubliclyAccessible": false,
        "StorageEncrypted": true,
        "StorageType": "gp2",
        "Tags": Array [
          Object {
            "Key": "App",
            "Value": "rule-manager-db",
          },
          Object {
            "Key": "gu:cdk:version",
            "Value": "TEST",
          },
          Object {
            "Key": "gu:repo",
            "Value": "guardian/typerighter",
          },
          Object {
            "Key": "Stack",
            "Value": "flexible",
          },
          Object {
            "Key": "Stage",
            "Value": "TEST",
          },
        ],
        "VPCSecurityGroups": Array [
          Object {
            "Fn::GetAtt": Array [
              "DBSecurityGroupTyperighterrulemanagerE0229216",
              "GroupId",
            ],
          },
        ],
      },
      "Type": "AWS::RDS::DBInstance",
      "UpdateReplacePolicy": "Snapshot",
    },
    "TargetGroupTyperighterchecker7E7859CF": Object {
      "Properties": Object {
        "HealthCheckIntervalSeconds": 10,
        "HealthCheckPath": "/healthcheck",
        "HealthCheckProtocol": "HTTP",
        "HealthCheckTimeoutSeconds": 5,
        "HealthyThresholdCount": 5,
        "Port": 9000,
        "Protocol": "HTTP",
        "Tags": Array [
          Object {
            "Key": "App",
            "Value": "typerighter-checker",
          },
          Object {
            "Key": "gu:cdk:version",
            "Value": "TEST",
          },
          Object {
            "Key": "gu:repo",
            "Value": "guardian/typerighter",
          },
          Object {
            "Key": "Stack",
            "Value": "flexible",
          },
          Object {
            "Key": "Stage",
            "Value": "TEST",
          },
        ],
        "TargetGroupAttributes": Array [
          Object {
            "Key": "deregistration_delay.timeout_seconds",
            "Value": "30",
          },
          Object {
            "Key": "stickiness.enabled",
            "Value": "false",
          },
        ],
        "TargetType": "instance",
        "UnhealthyThresholdCount": 2,
        "VpcId": Object {
          "Ref": "VpcId",
        },
      },
      "Type": "AWS::ElasticLoadBalancingV2::TargetGroup",
    },
    "TargetGroupTyperighterrulemanager5D2DA3B8": Object {
      "Properties": Object {
        "HealthCheckIntervalSeconds": 10,
        "HealthCheckPath": "/healthcheck",
        "HealthCheckProtocol": "HTTP",
        "HealthCheckTimeoutSeconds": 5,
        "HealthyThresholdCount": 5,
        "Port": 9000,
        "Protocol": "HTTP",
        "Tags": Array [
          Object {
            "Key": "App",
            "Value": "typerighter-rule-manager",
          },
          Object {
            "Key": "gu:cdk:version",
            "Value": "TEST",
          },
          Object {
            "Key": "gu:repo",
            "Value": "guardian/typerighter",
          },
          Object {
            "Key": "Stack",
            "Value": "flexible",
          },
          Object {
            "Key": "Stage",
            "Value": "TEST",
          },
        ],
        "TargetGroupAttributes": Array [
          Object {
            "Key": "deregistration_delay.timeout_seconds",
            "Value": "30",
          },
          Object {
            "Key": "stickiness.enabled",
            "Value": "false",
          },
        ],
        "TargetType": "instance",
        "UnhealthyThresholdCount": 2,
        "VpcId": Object {
          "Ref": "VpcId",
        },
      },
      "Type": "AWS::ElasticLoadBalancingV2::TargetGroup",
    },
    "WazuhSecurityGroup": Object {
      "Properties": Object {
        "GroupDescription": "Allow outbound traffic from wazuh agent to manager",
        "SecurityGroupEgress": Array [
          Object {
            "CidrIp": "0.0.0.0/0",
            "Description": "Wazuh event logging",
            "FromPort": 1514,
            "IpProtocol": "tcp",
            "ToPort": 1514,
          },
          Object {
            "CidrIp": "0.0.0.0/0",
            "Description": "Wazuh agent registration",
            "FromPort": 1515,
            "IpProtocol": "tcp",
            "ToPort": 1515,
          },
        ],
        "Tags": Array [
          Object {
            "Key": "gu:cdk:version",
            "Value": "TEST",
          },
          Object {
            "Key": "gu:repo",
            "Value": "guardian/typerighter",
          },
          Object {
            "Key": "Stack",
            "Value": "flexible",
          },
          Object {
            "Key": "Stage",
            "Value": "TEST",
          },
        ],
        "VpcId": Object {
          "Ref": "VpcId",
        },
      },
      "Type": "AWS::EC2::SecurityGroup",
    },
    "WazuhSecurityGroupfromtyperighterLoadBalancerTyperightercheckerSecurityGroup6083F06D90004F90B093": Object {
      "Properties": Object {
        "Description": "Load balancer to target",
        "FromPort": 9000,
        "GroupId": Object {
          "Fn::GetAtt": Array [
            "WazuhSecurityGroup",
            "GroupId",
          ],
        },
        "IpProtocol": "tcp",
        "SourceSecurityGroupId": Object {
          "Fn::GetAtt": Array [
            "LoadBalancerTyperightercheckerSecurityGroup35C23EF5",
            "GroupId",
          ],
        },
        "ToPort": 9000,
      },
      "Type": "AWS::EC2::SecurityGroupIngress",
    },
    "WazuhSecurityGroupfromtyperighterLoadBalancerTyperighterrulemanagerSecurityGroupCB1A584E9000AF0F78BA": Object {
      "Properties": Object {
        "Description": "Load balancer to target",
        "FromPort": 9000,
        "GroupId": Object {
          "Fn::GetAtt": Array [
            "WazuhSecurityGroup",
            "GroupId",
          ],
        },
        "IpProtocol": "tcp",
        "SourceSecurityGroupId": Object {
          "Fn::GetAtt": Array [
            "LoadBalancerTyperighterrulemanagerSecurityGroupA732DDB7",
            "GroupId",
          ],
        },
        "ToPort": 9000,
      },
      "Type": "AWS::EC2::SecurityGroupIngress",
    },
    "WazuhSecurityGrouptotyperighterDBSecurityGroupTyperighterrulemanager6085BB9A54328A9B262B": Object {
      "Properties": Object {
        "Description": "Allow connection from EC2 instances to DB",
        "DestinationSecurityGroupId": Object {
          "Fn::GetAtt": Array [
            "DBSecurityGroupTyperighterrulemanagerE0229216",
            "GroupId",
          ],
        },
        "FromPort": 5432,
        "GroupId": Object {
          "Fn::GetAtt": Array [
            "WazuhSecurityGroup",
            "GroupId",
          ],
        },
        "IpProtocol": "tcp",
        "ToPort": 5432,
      },
      "Type": "AWS::EC2::SecurityGroupEgress",
    },
    "checkercloudfrontcachepolicyC5791389": Object {
      "Properties": Object {
        "CachePolicyConfig": Object {
          "DefaultTTL": 86400,
          "MaxTTL": 31536000,
          "MinTTL": 0,
          "Name": "checker-cloudfront-cache-policy-TEST",
          "ParametersInCacheKeyAndForwardedToOrigin": Object {
            "CookiesConfig": Object {
              "CookieBehavior": "all",
            },
            "EnableAcceptEncodingBrotli": false,
            "EnableAcceptEncodingGzip": false,
            "HeadersConfig": Object {
              "HeaderBehavior": "whitelist",
              "Headers": Array [
                "Host",
                "Origin",
                "Access-Control-Request-Headers",
                "Access-Control-Request-Method",
              ],
            },
            "QueryStringsConfig": Object {
              "QueryStringBehavior": "all",
            },
          },
        },
      },
      "Type": "AWS::CloudFront::CachePolicy",
    },
    "checkerdnsrecords": Object {
      "Properties": Object {
        "Name": "checker.test.dev-gutools.co.uk",
        "RecordType": "CNAME",
        "ResourceRecords": Array [
          Object {
            "Fn::GetAtt": Array [
              "typerightercloudfront0384F783",
              "DomainName",
            ],
          },
        ],
        "Stage": "TEST",
        "TTL": 3600,
      },
      "Type": "Guardian::DNS::RecordSet",
    },
    "cloudfrontbucketTyperighterrulemanagerD085D5AD": Object {
      "DeletionPolicy": "Retain",
      "Properties": Object {
        "LifecycleConfiguration": Object {
          "Rules": Array [
            Object {
              "ExpirationInDays": 90,
              "Status": "Enabled",
            },
          ],
        },
        "PublicAccessBlockConfiguration": Object {
          "BlockPublicAcls": true,
          "BlockPublicPolicy": true,
          "IgnorePublicAcls": true,
          "RestrictPublicBuckets": true,
        },
        "Tags": Array [
          Object {
            "Key": "App",
            "Value": "typerighter-rule-manager",
          },
          Object {
            "Key": "gu:cdk:version",
            "Value": "TEST",
          },
          Object {
            "Key": "gu:repo",
            "Value": "guardian/typerighter",
          },
          Object {
            "Key": "Stack",
            "Value": "flexible",
          },
          Object {
            "Key": "Stage",
            "Value": "TEST",
          },
        ],
      },
      "Type": "AWS::S3::Bucket",
      "UpdateReplacePolicy": "Retain",
    },
    "flexibleTESTtyperightercheckerC54CB6AC": Object {
      "Properties": Object {
        "LaunchTemplateData": Object {
          "IamInstanceProfile": Object {
            "Arn": Object {
              "Fn::GetAtt": Array [
                "flexibleTESTtyperightercheckerProfile8358872C",
                "Arn",
              ],
            },
          },
          "ImageId": Object {
            "Ref": "AMITyperighterchecker",
          },
          "InstanceType": "t4g.small",
          "MetadataOptions": Object {
            "HttpTokens": "required",
          },
          "SecurityGroupIds": Array [
            Object {
              "Fn::GetAtt": Array [
                "GuHttpsEgressSecurityGroupTyperighterchecker43707E0C",
                "GroupId",
              ],
            },
            Object {
              "Fn::GetAtt": Array [
                "WazuhSecurityGroup",
                "GroupId",
              ],
            },
          ],
          "TagSpecifications": Array [
            Object {
              "ResourceType": "instance",
              "Tags": Array [
                Object {
                  "Key": "gu:cdk:version",
                  "Value": "TEST",
                },
                Object {
                  "Key": "gu:repo",
                  "Value": "guardian/typerighter",
                },
                Object {
                  "Key": "Name",
                  "Value": "typerighter/flexible-TEST-typerighter-checker",
                },
                Object {
                  "Key": "Stack",
                  "Value": "flexible",
                },
                Object {
                  "Key": "Stage",
                  "Value": "TEST",
                },
              ],
            },
            Object {
              "ResourceType": "volume",
              "Tags": Array [
                Object {
                  "Key": "gu:cdk:version",
                  "Value": "TEST",
                },
                Object {
                  "Key": "gu:repo",
                  "Value": "guardian/typerighter",
                },
                Object {
                  "Key": "Name",
                  "Value": "typerighter/flexible-TEST-typerighter-checker",
                },
                Object {
                  "Key": "Stack",
                  "Value": "flexible",
                },
                Object {
                  "Key": "Stage",
                  "Value": "TEST",
                },
              ],
            },
          ],
          "UserData": Object {
            "Fn::Base64": Object {
              "Fn::Join": Array [
                "",
                Array [
                  "#!/bin/bash -ev
mkdir /etc/gu

cat > /etc/gu/tags << 'EOF'
Stage=TEST
Stack=flexible
App=typerighter-checker
EOF

cat > /etc/gu/typerighter-checker.conf << 'EOF'
include \\"application\\"
typerighter.ngramPath=\\"/opt/ngram-data\\"
EOF

aws --quiet --region ",
                  Object {
                    "Ref": "AWS::Region",
                  },
                  " s3 cp s3://composer-dist/flexible/TEST/typerighter-checker/typerighter-checker.deb /tmp/package.deb
dpkg -i /tmp/package.deb",
                ],
              ],
            },
          },
        },
        "TagSpecifications": Array [
          Object {
            "ResourceType": "launch-template",
            "Tags": Array [
              Object {
                "Key": "gu:cdk:version",
                "Value": "TEST",
              },
              Object {
                "Key": "gu:repo",
                "Value": "guardian/typerighter",
              },
              Object {
                "Key": "Name",
                "Value": "typerighter/flexible-TEST-typerighter-checker",
              },
              Object {
                "Key": "Stack",
                "Value": "flexible",
              },
              Object {
                "Key": "Stage",
                "Value": "TEST",
              },
            ],
          },
        ],
      },
      "Type": "AWS::EC2::LaunchTemplate",
    },
    "flexibleTESTtyperightercheckerProfile8358872C": Object {
      "Properties": Object {
        "Roles": Array [
          Object {
            "Ref": "InstanceRoleTyperightercheckerEA6224AC",
          },
        ],
      },
      "Type": "AWS::IAM::InstanceProfile",
    },
    "flexibleTESTtyperighterrulemanager4AFD32A8": Object {
      "Properties": Object {
        "LaunchTemplateData": Object {
          "IamInstanceProfile": Object {
            "Arn": Object {
              "Fn::GetAtt": Array [
                "flexibleTESTtyperighterrulemanagerProfileBB9AFDE7",
                "Arn",
              ],
            },
          },
          "ImageId": Object {
            "Ref": "AMITyperighterrulemanager",
          },
          "InstanceType": "t4g.micro",
          "MetadataOptions": Object {
            "HttpTokens": "required",
          },
          "SecurityGroupIds": Array [
            Object {
              "Fn::GetAtt": Array [
                "GuHttpsEgressSecurityGroupTyperighterrulemanagerD8331A62",
                "GroupId",
              ],
            },
            Object {
              "Fn::GetAtt": Array [
                "WazuhSecurityGroup",
                "GroupId",
              ],
            },
          ],
          "TagSpecifications": Array [
            Object {
              "ResourceType": "instance",
              "Tags": Array [
                Object {
                  "Key": "gu:cdk:version",
                  "Value": "TEST",
                },
                Object {
                  "Key": "gu:repo",
                  "Value": "guardian/typerighter",
                },
                Object {
                  "Key": "Name",
                  "Value": "typerighter/flexible-TEST-typerighter-rule-manager",
                },
                Object {
                  "Key": "Stack",
                  "Value": "flexible",
                },
                Object {
                  "Key": "Stage",
                  "Value": "TEST",
                },
              ],
            },
            Object {
              "ResourceType": "volume",
              "Tags": Array [
                Object {
                  "Key": "gu:cdk:version",
                  "Value": "TEST",
                },
                Object {
                  "Key": "gu:repo",
                  "Value": "guardian/typerighter",
                },
                Object {
                  "Key": "Name",
                  "Value": "typerighter/flexible-TEST-typerighter-rule-manager",
                },
                Object {
                  "Key": "Stack",
                  "Value": "flexible",
                },
                Object {
                  "Key": "Stage",
                  "Value": "TEST",
                },
              ],
            },
          ],
          "UserData": Object {
            "Fn::Base64": Object {
              "Fn::Join": Array [
                "",
                Array [
                  "#!/bin/bash -ev
        aws --quiet --region ",
                  Object {
                    "Ref": "AWS::Region",
                  },
                  " s3 cp s3://composer-dist/flexible/TEST/typerighter-rule-manager/typerighter-rule-manager.deb /tmp/package.deb
        dpkg -i /tmp/package.deb",
                ],
              ],
            },
          },
        },
        "TagSpecifications": Array [
          Object {
            "ResourceType": "launch-template",
            "Tags": Array [
              Object {
                "Key": "gu:cdk:version",
                "Value": "TEST",
              },
              Object {
                "Key": "gu:repo",
                "Value": "guardian/typerighter",
              },
              Object {
                "Key": "Name",
                "Value": "typerighter/flexible-TEST-typerighter-rule-manager",
              },
              Object {
                "Key": "Stack",
                "Value": "flexible",
              },
              Object {
                "Key": "Stage",
                "Value": "TEST",
              },
            ],
          },
        ],
      },
      "Type": "AWS::EC2::LaunchTemplate",
    },
    "flexibleTESTtyperighterrulemanagerProfileBB9AFDE7": Object {
      "Properties": Object {
        "Roles": Array [
          Object {
            "Ref": "InstanceRoleTyperighterrulemanagerC4CF9347",
          },
        ],
      },
      "Type": "AWS::IAM::InstanceProfile",
    },
    "managerdnsrecords": Object {
      "Properties": Object {
        "Name": "manager.test.dev-gutools.co.uk",
        "RecordType": "CNAME",
        "ResourceRecords": Array [
          Object {
            "Fn::GetAtt": Array [
              "LoadBalancerTyperighterrulemanager088CCBBF",
              "DNSName",
            ],
          },
        ],
        "Stage": "TEST",
        "TTL": 3600,
      },
      "Type": "Guardian::DNS::RecordSet",
    },
    "ruleprovisioneralarm77B679CD": Object {
      "Properties": Object {
        "AlarmDescription": "There was a problem getting rules for Typerighter. Rules might not be present, or might be out of date.",
        "AlarmName": "Typerighter - TEST - issue provisioning rules",
        "ComparisonOperator": "GreaterThanThreshold",
        "EvaluationPeriods": 3,
        "MetricName": "RulesNotFound",
        "Namespace": "Typerighter",
        "Period": 3600,
        "Statistic": "Sum",
        "Threshold": 0,
        "TreatMissingData": "notBreaching",
      },
      "Type": "AWS::CloudWatch::Alarm",
    },
    "typerighterbucketTyperighterrulemanager54EC2AB2": Object {
      "DeletionPolicy": "Retain",
      "Properties": Object {
        "BucketName": "typerighter-app-test",
        "PublicAccessBlockConfiguration": Object {
          "BlockPublicAcls": true,
          "BlockPublicPolicy": true,
          "IgnorePublicAcls": true,
          "RestrictPublicBuckets": true,
        },
        "Tags": Array [
          Object {
            "Key": "App",
            "Value": "typerighter-rule-manager",
          },
          Object {
            "Key": "gu:cdk:version",
            "Value": "TEST",
          },
          Object {
            "Key": "gu:repo",
            "Value": "guardian/typerighter",
          },
          Object {
            "Key": "Stack",
            "Value": "flexible",
          },
          Object {
            "Key": "Stage",
            "Value": "TEST",
          },
        ],
      },
      "Type": "AWS::S3::Bucket",
      "UpdateReplacePolicy": "Retain",
    },
    "typerightercloudfront0384F783": Object {
      "Properties": Object {
        "DistributionConfig": Object {
          "Aliases": Array [
            "checker.test.dev-gutools.co.uk",
          ],
          "DefaultCacheBehavior": Object {
            "AllowedMethods": Array [
              "GET",
              "HEAD",
              "OPTIONS",
              "PUT",
              "PATCH",
              "POST",
              "DELETE",
            ],
            "CachePolicyId": Object {
              "Ref": "checkercloudfrontcachepolicyC5791389",
            },
            "Compress": true,
            "TargetOriginId": "typerightertyperightercloudfrontOrigin1DFFB56FA",
            "ViewerProtocolPolicy": "allow-all",
          },
          "Enabled": true,
          "HttpVersion": "http2",
          "IPV6Enabled": true,
          "Logging": Object {
            "Bucket": Object {
              "Fn::GetAtt": Array [
                "cloudfrontbucketTyperighterrulemanagerD085D5AD",
                "RegionalDomainName",
              ],
            },
          },
          "Origins": Array [
            Object {
              "CustomOriginConfig": Object {
                "OriginProtocolPolicy": "https-only",
                "OriginSSLProtocols": Array [
                  "TLSv1.2",
                ],
              },
              "DomainName": Object {
                "Fn::GetAtt": Array [
                  "LoadBalancerTyperighterchecker8B160CE2",
                  "DNSName",
                ],
              },
              "Id": "typerightertyperightercloudfrontOrigin1DFFB56FA",
            },
          ],
          "ViewerCertificate": Object {
            "AcmCertificateArn": Object {
              "Ref": "CheckerCloudfrontCertificate",
            },
            "MinimumProtocolVersion": "TLSv1.2_2021",
            "SslSupportMethod": "sni-only",
          },
        },
        "Tags": Array [
          Object {
            "Key": "gu:cdk:version",
            "Value": "TEST",
          },
          Object {
            "Key": "gu:repo",
            "Value": "guardian/typerighter",
          },
          Object {
            "Key": "Stack",
            "Value": "flexible",
          },
          Object {
            "Key": "Stage",
            "Value": "TEST",
          },
        ],
      },
      "Type": "AWS::CloudFront::Distribution",
    },
  },
}
`;
